2026-09-13 19:41:07,518 WARNING discord.client: davey is not installed, voice will NOT be supported
2026-09-13 19:41:07,524 WARNING discord.ext.commands.bot: Privileged message content intent is missing, commands may not work as expected.
2026-09-13 19:41:07,527 INFO discord.client: logging in using static token
2026-09-13 19:42:01,117 WARNING discord.client: davey is not installed, voice will NOT be supported
2026-09-13 19:42:01,120 WARNING discord.ext.commands.bot: Privileged message content intent is missing, commands may not work as expected.
2026-09-13 19:42:01,121 INFO discord.client: logging in using static token
2026-09-13 19:44:11,293 WARNING discord.client: davey is not installed, voice will NOT be supported
2026-09-13 19:44:11,295 WARNING discord.ext.commands.bot: Privileged message content intent is missing, commands may not work as expected.
2026-09-13 19:44:11,295 INFO discord.client: logging in using static token
2026-09-13 19:44:12,716 INFO discord.gateway: Shard ID None has connected to Gateway (Session ID: a93408a99bbc48f941fc7ed229ecc1c2).
2026-09-13 19:44:14,739 INFO wardogs: Wardogs: опрос http://51.83.166.12:7799, присутствие каждые 60 с, сводка в канал 1548735147531313212 каждые 5 мин
2026-09-13 19:44:15,110 INFO main: Wardogs-monitor готов к работе.
2026-09-13 19:46:27,094 WARNING discord.client: davey is not installed, voice will NOT be supported
2026-09-13 19:46:27,099 WARNING discord.ext.commands.bot: Privileged message content intent is missing, commands may not work as expected.
2026-09-13 19:46:27,101 INFO discord.client: logging in using static token
2026-09-13 19:46:29,321 INFO discord.gateway: Shard ID None has connected to Gateway (Session ID: 6ae5c2e86c91b1795fa3402fb2a33a09).
2026-09-13 19:46:31,440 INFO wardogs: Wardogs: опрос http://51.83.166.12:7799, присутствие каждые 60 с, сводка в канал 1548735147531313212 каждые 5 мин
2026-09-13 19:46:31,714 INFO main: Wardogs-monitor готов к работе.
2026-09-13 19:53:41,420 WARNING discord.client: davey is not installed, voice will NOT be supported
2026-09-13 19:53:41,426 WARNING discord.ext.commands.bot: Privileged message content intent is missing, commands may not work as expected.
2026-09-13 19:53:41,429 INFO discord.client: logging in using static token
2026-09-13 19:53:43,188 INFO discord.gateway: Shard ID None has connected to Gateway (Session ID: 81a32044878c04786a8c35b6a1cb357e).
2026-09-13 19:53:45,217 INFO wardogs: Wardogs: опрос http://51.83.166.12:7799, присутствие каждые 60 с, сводка в канал 1548735147531313212 каждые 5 мин
2026-09-13 19:53:45,219 INFO matchstats: MatchStats: включён, опрос каждые 20 с, канал 1548735147531313212, топ-10
2026-09-13 19:53:45,471 INFO main: Wardogs-monitor готов к работе.
2026-09-13 19:55:13,773 WARNING discord.client: davey is not installed, voice will NOT be supported
2026-09-13 19:55:13,776 WARNING discord.ext.commands.bot: Privileged message content intent is missing, commands may not work as expected.
2026-09-13 19:55:13,776 INFO discord.client: logging in using static token
2026-09-13 19:55:15,156 INFO discord.gateway: Shard ID None has connected to Gateway (Session ID: 88c55618a22fc9465354e182c4b8d85e).
2026-09-13 19:55:17,188 INFO wardogs: Wardogs: опрос http://51.83.166.12:7799, присутствие каждые 60 с, сводка в канал 1548735147531313212 каждые 5 мин
2026-09-13 19:55:17,481 INFO main: Wardogs-monitor готов к работе.
2026-09-13 19:55:17,959 INFO matchstats: MatchStats: включён, опрос каждые 20 с, канал 1548735147531313212, топ-10
